C51 COMPILER V9.54   MAIN                                                                  10/30/2023 20:13:24 PAGE 1   


C51 COMPILER V9.54, COMPILATION OF MODULE MAIN
OBJECT MODULE PLACED IN .\Objects\main.obj
COMPILER INVOKED BY: C:\Keil_v5\C51\BIN\C51.EXE main.c OPTIMIZE(8,SPEED) BROWSE DEBUG OBJECTEXTEND PRINT(.\Listings\main
                    -.lst) TABS(2) OBJECT(.\Objects\main.obj)

line level    source

   1          #include <REGX52.h>
   2          //#include "Key.h"
   3          //#include "Nixie.h"
   4          //#include "Buzzer.h"
   5          #include "Delay.h"
   6          #include "Timer0.h"
   7          
   8          sbit Buzzer=P2^5;
   9          
  10          unsigned int FreqTable[]={
  11            0,
  12            63628,63731,63835,63928,64021,64103,64185,64260,64331,64400,64463,64528,
  13            64580,64633,64684,64732,64777,64820,64860,64898,64934,64968,65000,65030,
  14            65058,65085,65110,65134,65157,65178,65198,65217,65235,65252,65268,65283,
  15          };
  16          
  17          unsigned char FreqSelect;
  18          
  19          void main(){
  20   1        Timer0Init();
  21   1        while(1){
  22   2          FreqSelect++;
  23   2          Delay(500);
  24   2        }
  25   1      }
  26          
  27          void Timer0_Routine() interrupt 1
  28          {
  29   1        TL0 = FreqTable[FreqSelect]%256;
  30   1        TH0 = FreqTable[FreqSelect]/256;
  31   1        Buzzer = !Buzzer;
  32   1      }
  33          
  34          //sbit Buzzer = P1^5;
  35          //void main(){
  36          //  Timer0Init();
  37          //  while(1){
  38          //  }
  39          //}
  40          //  
  41          //void Timer0_Routine() interrupt 1
  42          //{
  43          //  static unsigned int T0Count;
  44          //  TL0 = 0xCD;   //???????
  45          //  TH0 = 0xD4; 
  46          //  Buzzer=!Buzzer;}


MODULE INFORMATION:   STATIC OVERLAYABLE
   CODE SIZE        =     52    ----
   CONSTANT SIZE    =   ----    ----
   XDATA SIZE       =   ----    ----
   PDATA SIZE       =   ----    ----
   DATA SIZE        =     75    ----
C51 COMPILER V9.54   MAIN                                                                  10/30/2023 20:13:24 PAGE 2   

   IDATA SIZE       =   ----    ----
   BIT SIZE         =   ----    ----
END OF MODULE INFORMATION.


C51 COMPILATION COMPLETE.  0 WARNING(S),  0 ERROR(S)
